// Jest Snapshot v1, https://goo.gl/fbAQLP

exports[`Generates Snapshot for Layout Component 1`] = `
<header
  aria-label="header title"
  class="header"
>
  <a
    aria-label="goToWorldMap"
    href="/worldmap"
  >
    <img
      alt="coronaweb logo"
      class="header__img"
      src="https://res.cloudinary.com/josecaicedo/image/upload/v1627426970/coronaweb/logo_yn8r2a.png"
    />
  </a>
  <div
    class="header__menu"
  >
    <div
      class="header__menu"
    >
      <img
        alt="user Icon"
        id="menu__img"
        src="https://res.cloudinary.com/josecaicedo/image/upload/v1627426970/coronaweb/user-icon_o089f9.png"
      />
      <button
        class="ButtonLogin"
        id="ButtonLogin"
        type="button"
      >
        Login
      </button>
    </div>
  </div>
</header>
`;
